// Jest Snapshot v1, https://goo.gl/fbAQLP

exports[`<Statistics /> renders 1`] = `
<styled.div>
  <styled.span>
    Statistics
  </styled.span>
</styled.div>
`;
